main.c:93:6:HAL_TIM_PeriodElapsedCallback	24	static
main.c:114:6:HAL_UART_RxCpltCallback	16	static
main.c:132:5:main	8	static
main.c:226:6:SystemClock_Config	80	static
main.c:270:13:MX_ADC1_Init	24	static
main.c:315:13:MX_I2C1_Init	8	static
main.c:349:13:MX_TIM2_Init	32	static
main.c:394:13:MX_TIM3_Init	48	static
main.c:451:13:MX_TIM4_Init	32	static
main.c:496:13:MX_TIM6_Init	16	static
main.c:534:13:MX_TIM7_Init	16	static
main.c:572:13:MX_TIM15_Init	32	static
main.c:618:13:MX_USART1_UART_Init	8	static
main.c:651:13:MX_GPIO_Init	40	static
main.c:693:6:Error_Handler	4	static
