main.c:88:6:HAL_TIM_PeriodElapsedCallback	24	static
main.c:129:5:main	8	static
main.c:205:6:SystemClock_Config	80	static
main.c:249:13:MX_ADC1_Init	24	static
main.c:294:13:MX_I2C1_Init	8	static
main.c:328:13:MX_TIM2_Init	32	static
main.c:373:13:MX_TIM3_Init	48	static
main.c:430:13:MX_TIM4_Init	32	static
main.c:475:13:MX_TIM6_Init	16	static
main.c:513:13:MX_TIM7_Init	16	static
main.c:551:13:MX_TIM15_Init	32	static
main.c:597:13:MX_USART1_UART_Init	8	static
main.c:630:13:MX_GPIO_Init	40	static
main.c:672:6:Error_Handler	4	static
